80 subject-eyes, 479 images
  encoded 0/479  (1s)
  encoded 50/479  (46s)
  encoded 100/479  (93s)
  encoded 150/479  (140s)
  encoded 200/479  (188s)
  encoded 250/479  (236s)
  encoded 300/479  (287s)
  encoded 350/479  (340s)
  encoded 400/479  (394s)
  encoded 450/479  (449s)
encoding done in 480s
genuine pairs 1195, impostor pairs sampled 40000 of 113286
Too small overlap between masks
Too small overlap between masks
Too small overlap between masks
Too small overlap between masks
Too small overlap between masks
Too small overlap between masks
Too small overlap between masks
Too small overlap between masks
Too small overlap between masks
Too small overlap between masks
Too small overlap between masks
Too small overlap between masks
Too small overlap between masks
Too small overlap between masks
Too small overlap between masks
Too small overlap between masks
Too small overlap between masks
Too small overlap between masks
Too small overlap between masks
Too small overlap between masks
Too small overlap between masks
Too small overlap between masks
Too small overlap between masks
Too small overlap between masks
Too small overlap between masks
Too small overlap between masks
Too small overlap between masks
Too small overlap between masks
Too small overlap between masks
Too small overlap between masks
Too small overlap between masks
Too small overlap between masks
Too small overlap between masks
Too small overlap between masks
Too small overlap between masks
Too small overlap between masks
Too small overlap between masks
Too small overlap between masks
Too small overlap between masks
Too small overlap between masks
Too small overlap between masks
Too small overlap between masks
Too small overlap between masks
Too small overlap between masks
Too small overlap between masks
Too small overlap between masks
Too small overlap between masks
Too small overlap between masks
Too small overlap between masks
Too small overlap between masks
  impostor 2000/40000  (2s)
Too small overlap between masks
Too small overlap between masks
Too small overlap between masks
Too small overlap between masks
Too small overlap between masks
Too small overlap between masks
Too small overlap between masks
Too small overlap between masks
Too small overlap between masks
Too small overlap between masks
Too small overlap between masks
Too small overlap between masks
Too small overlap between masks
Too small overlap between masks
Too small overlap between masks
Too small overlap between masks
Too small overlap between masks
Too small overlap between masks
Too small overlap between masks
Too small overlap between masks
Too small overlap between masks
Too small overlap between masks
Too small overlap between masks
Too small overlap between masks
Too small overlap between masks
Too small overlap between masks
Too small overlap between masks
Too small overlap between masks
Too small overlap between masks
  impostor 4000/40000  (4s)
Too small overlap between masks
Too small overlap between masks
Too small overlap between masks
Too small overlap between masks
Too small overlap between masks
Too small overlap between masks
Too small overlap between masks
Too small overlap between masks
Too small overlap between masks
Too small overlap between masks
Too small overlap between masks
Too small overlap between masks
Too small overlap between masks
Too small overlap between masks
Too small overlap between masks
Too small overlap between masks
Too small overlap between masks
Too small overlap between masks
Too small overlap between masks
Too small overlap between masks
Too small overlap between masks
  impostor 6000/40000  (7s)
Too small overlap between masks
Too small overlap between masks
Too small overlap between masks
Too small overlap between masks
Too small overlap between masks
Too small overlap between masks
Too small overlap between masks
Too small overlap between masks
Too small overlap between masks
Too small overlap between masks
Too small overlap between masks
Too small overlap between masks
Too small overlap between masks
Too small overlap between masks
Too small overlap between masks
Too small overlap between masks
Too small overlap between masks
Too small overlap between masks
Too small overlap between masks
Too small overlap between masks
Too small overlap between masks
Too small overlap between masks
Too small overlap between masks
Too small overlap between masks
Too small overlap between masks
Too small overlap between masks
Too small overlap between masks
Too small overlap between masks
Too small overlap between masks
  impostor 8000/40000  (9s)
Too small overlap between masks
Too small overlap between masks
Too small overlap between masks
Too small overlap between masks
Too small overlap between masks
Too small overlap between masks
Too small overlap between masks
Too small overlap between masks
Too small overlap between masks
Too small overlap between masks
Too small overlap between masks
Too small overlap between masks
Too small overlap between masks
Too small overlap between masks
Too small overlap between masks
Too small overlap between masks
Too small overlap between masks
Too small overlap between masks
Too small overlap between masks
Too small overlap between masks
Too small overlap between masks
Too small overlap between masks
Too small overlap between masks
Too small overlap between masks
Too small overlap between masks
Too small overlap between masks
  impostor 10000/40000  (10s)
Too small overlap between masks
Too small overlap between masks
Too small overlap between masks
Too small overlap between masks
Too small overlap between masks
Too small overlap between masks
Too small overlap between masks
Too small overlap between masks
Too small overlap between masks
Too small overlap between masks
Too small overlap between masks
Too small overlap between masks
Too small overlap between masks
Too small overlap between masks
Too small overlap between masks
Too small overlap between masks
Too small overlap between masks
Too small overlap between masks
Too small overlap between masks
Too small overlap between masks
Too small overlap between masks
Too small overlap between masks
Too small overlap between masks
Too small overlap between masks
Too small overlap between masks
Too small overlap between masks
  impostor 12000/40000  (13s)
Too small overlap between masks
Too small overlap between masks
Too small overlap between masks
Too small overlap between masks
Too small overlap between masks
Too small overlap between masks
Too small overlap between masks
Too small overlap between masks
Too small overlap between masks
Too small overlap between masks
Too small overlap between masks
Too small overlap between masks
Too small overlap between masks
Too small overlap between masks
Too small overlap between masks
Too small overlap between masks
Too small overlap between masks
Too small overlap between masks
Too small overlap between masks
Too small overlap between masks
Too small overlap between masks
Too small overlap between masks
Too small overlap between masks
  impostor 14000/40000  (16s)
Too small overlap between masks
Too small overlap between masks
Too small overlap between masks
Too small overlap between masks
Too small overlap between masks
Too small overlap between masks
Too small overlap between masks
Too small overlap between masks
Too small overlap between masks
Too small overlap between masks
Too small overlap between masks
Too small overlap between masks
Too small overlap between masks
Too small overlap between masks
Too small overlap between masks
Too small overlap between masks
Too small overlap between masks
Too small overlap between masks
Too small overlap between masks
Too small overlap between masks
Too small overlap between masks
Too small overlap between masks
Too small overlap between masks
Too small overlap between masks
Too small overlap between masks
  impostor 16000/40000  (19s)
Too small overlap between masks
Too small overlap between masks
Too small overlap between masks
Too small overlap between masks
Too small overlap between masks
Too small overlap between masks
Too small overlap between masks
Too small overlap between masks
Too small overlap between masks
Too small overlap between masks
Too small overlap between masks
Too small overlap between masks
Too small overlap between masks
Too small overlap between masks
Too small overlap between masks
Too small overlap between masks
Too small overlap between masks
Too small overlap between masks
Too small overlap between masks
Too small overlap between masks
Too small overlap between masks
Too small overlap between masks
Too small overlap between masks
Too small overlap between masks
  impostor 18000/40000  (23s)
Too small overlap between masks
Too small overlap between masks
Too small overlap between masks
Too small overlap between masks
Too small overlap between masks
Too small overlap between masks
Too small overlap between masks
Too small overlap between masks
Too small overlap between masks
Too small overlap between masks
Too small overlap between masks
Too small overlap between masks
Too small overlap between masks
Too small overlap between masks
Too small overlap between masks
Too small overlap between masks
Too small overlap between masks
Too small overlap between masks
Too small overlap between masks
Too small overlap between masks
Too small overlap between masks
Too small overlap between masks
Too small overlap between masks
Too small overlap between masks
Too small overlap between masks
Too small overlap between masks
Too small overlap between masks
Too small overlap between masks
Too small overlap between masks
Too small overlap between masks
Too small overlap between masks
Too small overlap between masks
Too small overlap between masks
Too small overlap between masks
Too small overlap between masks
  impostor 20000/40000  (25s)
Too small overlap between masks
Too small overlap between masks
Too small overlap between masks
Too small overlap between masks
Too small overlap between masks
Too small overlap between masks
Too small overlap between masks
Too small overlap between masks
Too small overlap between masks
Too small overlap between masks
Too small overlap between masks
Too small overlap between masks
Too small overlap between masks
Too small overlap between masks
Too small overlap between masks
Too small overlap between masks
Too small overlap between masks
Too small overlap between masks
Too small overlap between masks
Too small overlap between masks
Too small overlap between masks
Too small overlap between masks
Too small overlap between masks
  impostor 22000/40000  (27s)
Too small overlap between masks
Too small overlap between masks
Too small overlap between masks
Too small overlap between masks
Too small overlap between masks
Too small overlap between masks
Too small overlap between masks
Too small overlap between masks
Too small overlap between masks
Too small overlap between masks
Too small overlap between masks
Too small overlap between masks
Too small overlap between masks
Too small overlap between masks
Too small overlap between masks
Too small overlap between masks
Too small overlap between masks
Too small overlap between masks
Too small overlap between masks
Too small overlap between masks
  impostor 24000/40000  (29s)
Too small overlap between masks
Too small overlap between masks
Too small overlap between masks
Too small overlap between masks
Too small overlap between masks
Too small overlap between masks
Too small overlap between masks
Too small overlap between masks
Too small overlap between masks
Too small overlap between masks
Too small overlap between masks
Too small overlap between masks
Too small overlap between masks
Too small overlap between masks
Too small overlap between masks
Too small overlap between masks
Too small overlap between masks
Too small overlap between masks
  impostor 26000/40000  (31s)
Too small overlap between masks
Too small overlap between masks
Too small overlap between masks
Too small overlap between masks
Too small overlap between masks
Too small overlap between masks
Too small overlap between masks
Too small overlap between masks
Too small overlap between masks
Too small overlap between masks
Too small overlap between masks
Too small overlap between masks
Too small overlap between masks
Too small overlap between masks
Too small overlap between masks
Too small overlap between masks
Too small overlap between masks
Too small overlap between masks
Too small overlap between masks
Too small overlap between masks
Too small overlap between masks
Too small overlap between masks
Too small overlap between masks
Too small overlap between masks
Too small overlap between masks
Too small overlap between masks
Too small overlap between masks
Too small overlap between masks
Too small overlap between masks
Too small overlap between masks
Too small overlap between masks
Too small overlap between masks
Too small overlap between masks
Too small overlap between masks
Too small overlap between masks
Too small overlap between masks
Too small overlap between masks
Too small overlap between masks
Too small overlap between masks
Too small overlap between masks
Too small overlap between masks
Too small overlap between masks
Too small overlap between masks
Too small overlap between masks
  impostor 28000/40000  (34s)
Too small overlap between masks
Too small overlap between masks
Too small overlap between masks
Too small overlap between masks
Too small overlap between masks
Too small overlap between masks
Too small overlap between masks
Too small overlap between masks
Too small overlap between masks
Too small overlap between masks
Too small overlap between masks
Too small overlap between masks
Too small overlap between masks
Too small overlap between masks
Too small overlap between masks
Too small overlap between masks
Too small overlap between masks
Too small overlap between masks
Too small overlap between masks
Too small overlap between masks
Too small overlap between masks
Too small overlap between masks
Too small overlap between masks
Too small overlap between masks
Too small overlap between masks
Too small overlap between masks
Too small overlap between masks
Too small overlap between masks
Too small overlap between masks
Too small overlap between masks
  impostor 30000/40000  (37s)
Too small overlap between masks
Too small overlap between masks
Too small overlap between masks
Too small overlap between masks
Too small overlap between masks
Too small overlap between masks
Too small overlap between masks
Too small overlap between masks
Too small overlap between masks
Too small overlap between masks
Too small overlap between masks
Too small overlap between masks
Too small overlap between masks
Too small overlap between masks
  impostor 32000/40000  (39s)
Too small overlap between masks
Too small overlap between masks
Too small overlap between masks
Too small overlap between masks
Too small overlap between masks
Too small overlap between masks
Too small overlap between masks
Too small overlap between masks
Too small overlap between masks
Too small overlap between masks
Too small overlap between masks
Too small overlap between masks
Too small overlap between masks
Too small overlap between masks
Too small overlap between masks
Too small overlap between masks
Too small overlap between masks
Too small overlap between masks
Too small overlap between masks
Too small overlap between masks
Too small overlap between masks
  impostor 34000/40000  (40s)
Too small overlap between masks
Too small overlap between masks
Too small overlap between masks
Too small overlap between masks
Too small overlap between masks
Too small overlap between masks
Too small overlap between masks
Too small overlap between masks
Too small overlap between masks
Too small overlap between masks
Too small overlap between masks
Too small overlap between masks
Too small overlap between masks
Too small overlap between masks
Too small overlap between masks
Too small overlap between masks
Too small overlap between masks
Too small overlap between masks
Too small overlap between masks
Too small overlap between masks
Too small overlap between masks
Too small overlap between masks
Too small overlap between masks
Too small overlap between masks
  impostor 36000/40000  (42s)
Too small overlap between masks
Too small overlap between masks
Too small overlap between masks
Too small overlap between masks
Too small overlap between masks
Too small overlap between masks
Too small overlap between masks
Too small overlap between masks
Too small overlap between masks
Too small overlap between masks
Too small overlap between masks
Too small overlap between masks
Too small overlap between masks
Too small overlap between masks
Too small overlap between masks
  impostor 38000/40000  (44s)
Too small overlap between masks
Too small overlap between masks
Too small overlap between masks
Too small overlap between masks
Too small overlap between masks
Too small overlap between masks
Too small overlap between masks
Too small overlap between masks
Too small overlap between masks
Too small overlap between masks
Too small overlap between masks
Too small overlap between masks
Too small overlap between masks
Too small overlap between masks
Too small overlap between masks
Too small overlap between masks
Too small overlap between masks
Too small overlap between masks
Too small overlap between masks
Too small overlap between masks
Too small overlap between masks
Too small overlap between masks
Too small overlap between masks
Too small overlap between masks
Too small overlap between masks
Too small overlap between masks
Too small overlap between masks
Too small overlap between masks
Too small overlap between masks
Too small overlap between masks
wrote hdbif_pairwise_scores.csv
